1 Jane janitor 30
1
Jane
janitor
30
2 Smith sailor 45
2
Smith
sailor
45
3 Roselyn radiologist 28
3
Roselyn
radiologist
28
4 Megan machinist 32
4
Megan
machinist
32
5 Celine clergy 87
5
Celine
clergy
87
6 Fredrick farmer 19
6
Fredrick
farmer
19
7 Benjamin programmer 53
7
Benjamin
programmer
53
