b1
b2
b3
1
2
3
1
2
3
1
2
3
1
2
3
1
2
3
1
2
3
1
2
3
e1
e2
e3
