1
string
other string
string
test
string
other string
