4
1 Jane janitor 30
30
1
4
1 Jane janitor 1

test
10
1 Jane janitor 1      test
