3
5
3
3
3
2
hello
test
b
hello
test
b
format string
format string: hello
format string: hello 1
hello
HELLO
heLLo
heLlo
el
17
17
3 Rosxxyn xxdiologist 28
4 Megxxn machinist 32
