1
Jane
janitor
30
2
Smith
sailor
45
3
Roselyn
radiologist
28
4
Megan
machinist
32
5
Celine
clergy
87
6
Fredrick
farmer
19
7
Benjamin
programmer
53

