Jane
Smith
Roselyn
Megan
Celine
Fredrick
Benjamin
