first -> 1
second -> 2
third -> 3
Array after deletion:
