tests/awk/test_data.txt
tests/awk/test_data2.txt
tests/awk/test_data2.txt
