1 Jane janitor 30
2 Smith sailor 45
4
2
Smith
sailor
45
1 Jane janitor 30
4
1 Jane janitor 30
1 Jane janitor 30
4 1 1
2 Smith sailor 45
4 1 1
3 Roselyn radiologist 28
2 Smith sailor 45
4 2 2
4 Megan machinist 32
4 2 2
5 Celine clergy 87
3 Roselyn radiologist 28
4 3 3
6 Fredrick farmer 19
4 3 3
7 Benjamin programmer 53
4 Megan machinist 32
4 4 4
4 Megan machinist 32
4 4 4
7 Benjamin programmer 53
5 Celine clergy 87
4 5 5
5 Celine clergy 87
4 5 5
7 Benjamin programmer 53
6 Fredrick farmer 19
4 6 6
6 Fredrick farmer 19
4 6 6
7 Benjamin programmer 53
7 Benjamin programmer 53
4 7 7
7 Benjamin programmer 53
4 7 7
