4
1 Jane janitor 30
1 Jane janitor 30      
1 Jane janitor
1
1    
4
2 Smith sailor 45
2 Smith sailor 45      
2 Smith sailor
2
2    
4
3 Roselyn radiologist 28
3 Roselyn radiologist 28      
3 Roselyn radiologist
3
3    
4
4 Megan machinist 32
4 Megan machinist 32      
4 Megan machinist
4
4    
4
5 Celine clergy 87
5 Celine clergy 87      
5 Celine clergy
5
5    
4
6 Fredrick farmer 19
6 Fredrick farmer 19      
6 Fredrick farmer
6
6    
4
7 Benjamin programmer 53
7 Benjamin programmer 53      
7 Benjamin programmer
7
7    
