1 Jane janitor 30
2 Smith sailor 45
1 1 1
2 2 2
end
