%.6g
123.456
123.46
123
1.234560e+02
0x1.edd2f1a9fbe77p+6
