,
1 Jane janitor
2 Smith sailor
3 Roselyn radiologist
4 Megan machinist
5 Celine clergy
6 Fredrick farmer
7 Benjamin programmer
